
Administrator@2012-20160118VI MINGW32 /d/cugmax.github.io (master)
$ jekyll build
C:/Ruby22/lib/ruby/2.2.0/rubygems/core_ext/kernel_require.rb:54:in `require': ca                                                                                                                nnot load such file -- bundler (LoadError)
        from C:/Ruby22/lib/ruby/2.2.0/rubygems/core_ext/kernel_require.rb:54:in                                                                                                                 `require'
        from C:/Ruby22/lib/ruby/gems/2.2.0/gems/jekyll-3.3.0/lib/jekyll/plugin_m                                                                                                                anager.rb:34:in `require_from_bundler'
        from C:/Ruby22/lib/ruby/gems/2.2.0/gems/jekyll-3.3.0/exe/jekyll:9:in `<t                                                                                                                op (required)>'
        from C:/Ruby22/bin/jekyll:23:in `load'
        from C:/Ruby22/bin/jekyll:23:in `<main>'

Administrator@2012-20160118VI MINGW32 /d/cugmax.github.io (master)
$ gem install bundler


Administrator@2012-20160118VI MINGW32 /d/cugmax.github.io (master)
$ gem list
addressable (2.4.0)
bigdecimal (1.2.6)
bundler (1.13.6)
colorator (1.1.0)
ffi (1.9.14 x86-mingw32)
forwardable-extended (2.6.0)
io-console (0.4.3)
jekyll (3.3.0)
jekyll-sass-converter (1.4.0)
jekyll-watch (1.5.0)
json (1.8.1)
kramdown (1.12.0)
liquid (3.0.6)
listen (3.0.8)
mercenary (0.3.6)
minitest (5.4.3)
pathutil (0.14.0)
power_assert (0.2.2)
psych (2.0.8)
rake (10.4.2)
rb-fsevent (0.9.7)
rb-inotify (0.9.7)
rdoc (4.2.0)
rouge (1.11.1)
safe_yaml (1.0.4)
sass (3.4.22)
test-unit (3.0.8)

Administrator@2012-20160118VI MINGW32 /d/cugmax.github.io (master)
$ jekyll build
Configuration file: D:/cugmax.github.io/_config.yml
            Source: D:/cugmax.github.io
       Destination: D:/cugmax.github.io/_site
 Incremental build: disabled. Enable with --incremental
      Generating...
                    done in 0.84 seconds.
 Auto-regeneration: disabled. Use --watch to enable.

Administrator@2012-20160118VI MINGW32 /d/cugmax.github.io (master)
$ jekyll serve
Configuration file: D:/cugmax.github.io/_config.yml
Configuration file: D:/cugmax.github.io/_config.yml
            Source: D:/cugmax.github.io
       Destination: D:/cugmax.github.io/_site
 Incremental build: disabled. Enable with --incremental
      Generating...
                    done in 0.771 seconds.
                    --watch arg is unsupported on Windows.
                    If you are on Windows Bash, please see: https://github.com/Microsoft/BashOnWindows/issues/216
Configuration file: D:/cugmax.github.io/_config.yml
    Server address: http://127.0.0.1:4000/airspace-jekyll/
  Server running... press ctrl-c to stop.


Administrator@2012-20160118VI MINGW32 /d/cugmax.github.io (master)
$ git add -A
warning: LF will be replaced by CRLF in README.md.
The file will have its original line endings in your working directory.
warning: LF will be replaced by CRLF in index.html.
The file will have its original line endings in your working directory.
warning: LF will be replaced by CRLF in .gitignore.
The file will have its original line endings in your working directory.
warning: LF will be replaced by CRLF in Gemfile.
The file will have its original line endings in your working directory.
warning: LF will be replaced by CRLF in LICENSE.md.
The file will have its original line endings in your working directory.
warning: LF will be replaced by CRLF in _config.yml.
The file will have its original line endings in your working directory.
warning: LF will be replaced by CRLF in _includes/footer.html.
The file will have its original line endings in your working directory.
warning: LF will be replaced by CRLF in _includes/head.html.
The file will have its original line endings in your working directory.
warning: LF will be replaced by CRLF in _includes/header.html.
The file will have its original line endings in your working directory.
warning: LF will be replaced by CRLF in _layouts/default.html.
The file will have its original line endings in your working directory.
warning: LF will be replaced by CRLF in _layouts/page.html.
The file will have its original line endings in your working directory.
warning: LF will be replaced by CRLF in _layouts/post.html.
The file will have its original line endings in your working directory.
warning: LF will be replaced by CRLF in _posts/2016-05-20-my-example-post.md.
The file will have its original line endings in your working directory.
warning: LF will be replaced by CRLF in _posts/2016-05-20-super-long-article.md.
The file will have its original line endings in your working directory.
warning: LF will be replaced by CRLF in _posts/2016-05-20-this-post-demonstrates-post-content-styles.md.
The file will have its original line endings in your working directory.
warning: LF will be replaced by CRLF in _posts/2016-05-20-welcome-to-jekyll.md.
The file will have its original line endings in your working directory.
warning: LF will be replaced by CRLF in airspace-jekyll.gemspec.
The file will have its original line endings in your working directory.
warning: LF will be replaced by CRLF in blog.html.
The file will have its original line endings in your working directory.
warning: LF will be replaced by CRLF in contact.html.
The file will have its original line endings in your working directory.
warning: LF will be replaced by CRLF in css/airspace.css.
The file will have its original line endings in your working directory.
warning: LF will be replaced by CRLF in css/animate.css.
The file will have its original line endings in your working directory.
warning: LF will be replaced by CRLF in css/bootstrap.min.css.
The file will have its original line endings in your working directory.
warning: LF will be replaced by CRLF in css/font-awesome.min.css.
The file will have its original line endings in your working directory.
warning: LF will be replaced by CRLF in css/ionicons.min.css.
The file will have its original line endings in your working directory.
warning: LF will be replaced by CRLF in css/owl.carousel.css.
The file will have its original line endings in your working directory.
warning: LF will be replaced by CRLF in css/responsive.css.
The file will have its original line endings in your working directory.
warning: LF will be replaced by CRLF in css/style.css.
The file will have its original line endings in your working directory.
warning: LF will be replaced by CRLF in css/syntax.css.
The file will have its original line endings in your working directory.
warning: LF will be replaced by CRLF in fonts/fontawesome-webfont.svg.
The file will have its original line endings in your working directory.
warning: LF will be replaced by CRLF in fonts/ionicons.svg.
The file will have its original line endings in your working directory.
warning: LF will be replaced by CRLF in js/bootstrap.min.js.
The file will have its original line endings in your working directory.
warning: LF will be replaced by CRLF in js/jquery.counterup.js.
The file will have its original line endings in your working directory.
warning: LF will be replaced by CRLF in js/main.js.
The file will have its original line endings in your working directory.
warning: LF will be replaced by CRLF in js/min/waypoints.min.js.
The file will have its original line endings in your working directory.
warning: LF will be replaced by CRLF in js/owl.carousel.min.js.
The file will have its original line endings in your working directory.
warning: LF will be replaced by CRLF in js/plugins.js.
The file will have its original line endings in your working directory.
warning: LF will be replaced by CRLF in js/vendor/jquery-1.10.2.min.js.
The file will have its original line endings in your working directory.
warning: LF will be replaced by CRLF in js/vendor/modernizr-2.6.2.min.js.
The file will have its original line endings in your working directory.
warning: LF will be replaced by CRLF in work.html.
The file will have its original line endings in your working directory.

Administrator@2012-20160118VI MINGW32 /d/cugmax.github.io (master)
$ git commit -am "the first commit"
[master 76fa8ad] the first commit
 81 files changed, 8490 insertions(+), 838 deletions(-)
 create mode 100644 .gitignore
 create mode 100644 Gemfile
 create mode 100644 LICENSE.md
 create mode 100644 _config.yml
 create mode 100644 _includes/footer.html
 create mode 100644 _includes/head.html
 create mode 100644 _includes/header.html
 create mode 100644 _layouts/default.html
 create mode 100644 _layouts/page.html
 create mode 100644 _layouts/post.html
 create mode 100644 _posts/2016-05-20-my-example-post.md
 create mode 100644 _posts/2016-05-20-super-long-article.md
 create mode 100644 _posts/2016-05-20-this-post-demonstrates-post-content-styles.md
 create mode 100644 _posts/2016-05-20-welcome-to-jekyll.md
 create mode 100644 airspace-jekyll.gemspec
 create mode 100644 blog.html
 create mode 100644 contact.html
 create mode 100644 css/airspace.css
 create mode 100644 css/animate.css
 create mode 100644 css/bootstrap.min.css
 create mode 100644 css/font-awesome.min.css
 create mode 100644 css/ionicons.min.css
 create mode 100644 css/owl.carousel.css
 create mode 100644 css/responsive.css
 create mode 100644 css/style.css
 create mode 100644 css/syntax.css
 create mode 100644 favicon.ico
 create mode 100644 fonts/FontAwesome.otf
 create mode 100644 fonts/fontawesome-webfont.eot
 create mode 100644 fonts/fontawesome-webfont.svg
 create mode 100644 fonts/fontawesome-webfont.ttf
 create mode 100644 fonts/fontawesome-webfont.woff
 create mode 100644 fonts/ionicons.eot
 create mode 100644 fonts/ionicons.svg
 create mode 100644 fonts/ionicons.ttf
 create mode 100644 fonts/ionicons.woff
 create mode 100644 img/call-to-action-bg.jpg
 create mode 100644 img/clients/clients-logo-9.png
 create mode 100644 img/clients/clients-logo1.png
 create mode 100644 img/clients/clients-logo10.png
 create mode 100644 img/clients/clients-logo2.png
 create mode 100644 img/clients/clients-logo3.png
 create mode 100644 img/clients/clients-logo4.png
 create mode 100644 img/clients/clients-logo5.png
 create mode 100644 img/clients/clients-logo6.png
 create mode 100644 img/clients/clients-logo7.png
 create mode 100644 img/clients/clients-logo8.png
 create mode 100644 img/cotation.png
 create mode 100644 img/featue-bg.jpg
 create mode 100644 img/item-img1.jpg
 create mode 100644 img/logo.png
 create mode 100644 img/portfolio/work1.jpg
 create mode 100644 img/portfolio/work2.jpg
 create mode 100644 img/portfolio/work3.jpg
 create mode 100644 img/portfolio/work4.jpg
 create mode 100644 img/portfolio/work5.jpg
 create mode 100644 img/portfolio/work6.jpg
 create mode 100644 img/slider-bg.jpg
 create mode 100644 img/wrapper-img.png
 rewrite index.html (99%)
 create mode 100644 js/bootstrap.min.js
 create mode 100644 js/jquery.counterup.js
 create mode 100644 js/main.js
 create mode 100644 js/min/main.min.js
 create mode 100644 js/min/plugins.min.js
 create mode 100644 js/min/waypoints.min.js
 create mode 100644 js/owl.carousel.min.js
 create mode 100644 js/plugins.js
 create mode 100644 js/vendor/jquery-1.10.2.min.js
 create mode 100644 js/vendor/modernizr-2.6.2.min.js
 delete mode 100644 params.json
 create mode 100644 screenshots/blog.png
 create mode 100644 screenshots/home.png
 create mode 100644 screenshots/homecropped.png
 create mode 100644 screenshots/homecroppedscaled.png
 delete mode 100644 stylesheets/github-light.css
 delete mode 100644 stylesheets/normalize.css
 delete mode 100644 stylesheets/stylesheet.css
 delete mode 100644 test.txt
 create mode 100644 work.html

Administrator@2012-20160118VI MINGW32 /d/cugmax.github.io (master)
$ git push -u origin master
Username for 'https://github.com': cugmax
Counting objects: 90, done.
Delta compression using up to 4 threads.
Compressing objects: 100% (87/87), done.
Writing objects: 100% (90/90), 4.55 MiB | 30.00 KiB/s, done.
Total 90 (delta 2), reused 0 (delta 0)
remote: Resolving deltas: 100% (2/2), done.
To https://github.com/cugmax/cugmax.github.io.git
   d1f6ec2..76fa8ad  master -> master
Branch master set up to track remote branch master from origin.

Administrator@2012-20160118VI MINGW32 /d/cugmax.github.io (master)
$ jekyll build
Configuration file: D:/cugmax.github.io/_config.yml
  Dependency Error: Yikes! It looks like you don't have jekyll-sitemap or one of its dependencies installed. In order to use Jekyll as currently configured, you'll need to install this gem. The full error message from Ruby is: 'cannot load such file -- jekyll-sitemap' If you run into trouble, you can find helpful resources at http://jekyllrb.com/help/!
jekyll 3.3.0 | Error:  jekyll-sitemap

Administrator@2012-20160118VI MINGW32 /d/cugmax.github.io (master)
$ gem install jekyll-sitemap
Successfully installed jekyll-sitemap-0.12.0
Parsing documentation for jekyll-sitemap-0.12.0
Installing ri documentation for jekyll-sitemap-0.12.0
Done installing documentation for jekyll-sitemap after 0 seconds
1 gem installed

Administrator@2012-20160118VI MINGW32 /d/cugmax.github.io (master)
$ jekyll build
Configuration file: D:/cugmax.github.io/_config.yml
  Dependency Error: Yikes! It looks like you don't have jekyll-seo-tag or one of its dependencies installed. In order to use Jekyll as currently configured, you'll need to install this gem. The full error message from Ruby is: 'cannot load such file -- jekyll-seo-tag' If you run into trouble, you can find helpful resources at http://jekyllrb.com/help/!
jekyll 3.3.0 | Error:  jekyll-seo-tag

Administrator@2012-20160118VI MINGW32 /d/cugmax.github.io (master)
$ gem install jekyll-seo-tag
Successfully installed jekyll-seo-tag-2.0.0
Parsing documentation for jekyll-seo-tag-2.0.0
Installing ri documentation for jekyll-seo-tag-2.0.0
Done installing documentation for jekyll-seo-tag after 0 seconds
1 gem installed

Administrator@2012-20160118VI MINGW32 /d/cugmax.github.io (master)
$ jekyll build
Configuration file: D:/cugmax.github.io/_config.yml
  Dependency Error: Yikes! It looks like you don't have jekyll-feed or one of its dependencies installed. In order to use Jekyll as currently configured, you'll need to install this gem. The full error message from Ruby is: 'cannot load such file -- jekyll-feed' If you run into trouble, you can find helpful resources at http://jekyllrb.com/help/!
jekyll 3.3.0 | Error:  jekyll-feed

Administrator@2012-20160118VI MINGW32 /d/cugmax.github.io (master)
$ gem install jekyll-feed
Successfully installed jekyll-feed-0.8.0
Parsing documentation for jekyll-feed-0.8.0
Installing ri documentation for jekyll-feed-0.8.0
Done installing documentation for jekyll-feed after 0 seconds
1 gem installed

Administrator@2012-20160118VI MINGW32 /d/cugmax.github.io (master)
$ jekyll build
Configuration file: D:/cugmax.github.io/_config.yml
            Source: D:/cugmax.github.io
       Destination: D:/cugmax.github.io/_site
 Incremental build: disabled. Enable with --incremental
      Generating...
                    done in 18.949 seconds.
 Auto-regeneration: disabled. Use --watch to enable.

Administrator@2012-20160118VI MINGW32 /d/cugmax.github.io (master)
$ jekyll serve
Configuration file: D:/cugmax.github.io/_config.yml
Configuration file: D:/cugmax.github.io/_config.yml
            Source: D:/cugmax.github.io
       Destination: D:/cugmax.github.io/_site
 Incremental build: disabled. Enable with --incremental
      Generating...
                    done in 16.959 seconds.
                    --watch arg is unsupported on Windows.
                    If you are on Windows Bash, please see: https://github.com/Microsoft/BashOnWindows/issues/216
Configuration file: D:/cugmax.github.io/_config.yml
    Server address: http://127.0.0.1:4000/
  Server running... press ctrl-c to stop.


Administrator@2012-20160118VI MINGW32 /d/cugmax.github.io (master)
$ jekyll build
Configuration file: D:/cugmax.github.io/_config.yml
            Source: D:/cugmax.github.io
       Destination: D:/cugmax.github.io/_site
 Incremental build: disabled. Enable with --incremental
      Generating...
                    done in 1.828 seconds.
 Auto-regeneration: disabled. Use --watch to enable.

Administrator@2012-20160118VI MINGW32 /d/cugmax.github.io (master)
$ git add -A
warning: LF will be replaced by CRLF in .gitignore.
The file will have its original line endings in your working directory.
warning: LF will be replaced by CRLF in README.md.
The file will have its original line endings in your working directory.
warning: LF will be replaced by CRLF in _config.yml.
The file will have its original line endings in your working directory.
warning: LF will be replaced by CRLF in _includes/head.html.
The file will have its original line endings in your working directory.
warning: LF will be replaced by CRLF in _layouts/default.html.
The file will have its original line endings in your working directory.
warning: LF will be replaced by CRLF in _layouts/post.html.
The file will have its original line endings in your working directory.
warning: LF will be replaced by CRLF in 404.html.
The file will have its original line endings in your working directory.
warning: LF will be replaced by CRLF in LICENSE.txt.
The file will have its original line endings in your working directory.
warning: LF will be replaced by CRLF in _includes/googleanalytics.html.
The file will have its original line endings in your working directory.
warning: LF will be replaced by CRLF in _includes/scripts.html.
The file will have its original line endings in your working directory.
warning: LF will be replaced by CRLF in _includes/sidebar.html.
The file will have its original line endings in your working directory.
warning: LF will be replaced by CRLF in _includes/social.html.
The file will have its original line endings in your working directory.
warning: LF will be replaced by CRLF in _layouts/compress.html.
The file will have its original line endings in your working directory.
warning: LF will be replaced by CRLF in _posts/book/2013-12-20-book-list-of-2013.md.
The file will have its original line endings in your working directory.
warning: LF will be replaced by CRLF in _posts/book/2014-03-14-book-list-of-2014.md.
The file will have its original line endings in your working directory.
warning: LF will be replaced by CRLF in _posts/life/2013-06-17-the-end-of-regular-college-course.md.
The file will have its original line endings in your working directory.
warning: LF will be replaced by CRLF in _posts/resource/2013-04-23-general-bootstrap-resources.md.
The file will have its original line endings in your working directory.
warning: LF will be replaced by CRLF in _posts/resource/2014-01-15-general-git-resources.md.
The file will have its original line endings in your working directory.
warning: LF will be replaced by CRLF in _posts/tech/2012-09-19-php-session-security.md.
The file will have its original line endings in your working directory.
warning: LF will be replaced by CRLF in _posts/tech/2012-09-27-open-widown-in-javascript.md.
The file will have its original line endings in your working directory.
warning: LF will be replaced by CRLF in _posts/tool/2012-12-30-share-windows-and-linux.md.
The file will have its original line endings in your working directory.
warning: LF will be replaced by CRLF in _posts/tool/2013-01-09-remote-access-of-mysql.md.
The file will have its original line endings in your working directory.
warning: LF will be replaced by CRLF in _sass/1-animation.sass.
The file will have its original line endings in your working directory.
warning: LF will be replaced by CRLF in _sass/2-icon.scss.
The file will have its original line endings in your working directory.
warning: LF will be replaced by CRLF in _sass/3-base.sass.
The file will have its original line endings in your working directory.
warning: LF will be replaced by CRLF in _sass/4-sidebar.sass.
The file will have its original line endings in your working directory.
warning: LF will be replaced by CRLF in _sass/5-post.sass.
The file will have its original line endings in your working directory.
warning: LF will be replaced by CRLF in _sass/6-menu.sass.
The file will have its original line endings in your working directory.
warning: LF will be replaced by CRLF in _sass/7-nprogress.sass.
The file will have its original line endings in your working directory.
warning: LF will be replaced by CRLF in _sass/8-code.scss.
The file will have its original line endings in your working directory.
warning: LF will be replaced by CRLF in _sass/9-page.sass.
The file will have its original line endings in your working directory.
warning: LF will be replaced by CRLF in _sass/a-smallscreen.sass.
The file will have its original line endings in your working directory.
warning: LF will be replaced by CRLF in _sass/b-mobile.sass.
The file will have its original line endings in your working directory.
warning: LF will be replaced by CRLF in assets/icon/icomoon.svg.
The file will have its original line endings in your working directory.
warning: LF will be replaced by CRLF in assets/icon/selection.json.
The file will have its original line endings in your working directory.
warning: LF will be replaced by CRLF in assets/js/jquery-2.1.3.min.js.
The file will have its original line endings in your working directory.
warning: LF will be replaced by CRLF in assets/js/jquery.pjax.js.
The file will have its original line endings in your working directory.
warning: LF will be replaced by CRLF in assets/js/main.js.
The file will have its original line endings in your working directory.
warning: LF will be replaced by CRLF in assets/js/nprogress.js.
The file will have its original line endings in your working directory.
warning: LF will be replaced by CRLF in assets/js/prefixfree.js.
The file will have its original line endings in your working directory.
warning: LF will be replaced by CRLF in css/main.sass.
The file will have its original line endings in your working directory.
warning: LF will be replaced by CRLF in ie.html.
The file will have its original line endings in your working directory.
warning: LF will be replaced by CRLF in index.md.
The file will have its original line endings in your working directory.
warning: LF will be replaced by CRLF in pages/feed.xml.
The file will have its original line endings in your working directory.

Administrator@2012-20160118VI MINGW32 /d/cugmax.github.io (master)
$ git commit -am "the second commit"
[master 764918b] the second commit
 120 files changed, 3740 insertions(+), 8488 deletions(-)
 create mode 100644 404.html
 create mode 100644 CNAME
 delete mode 100644 Gemfile
 delete mode 100644 LICENSE.md
 create mode 100644 LICENSE.txt
 rewrite README.md (99%)
 rewrite _config.yml (93%)
 delete mode 100644 _includes/footer.html
 create mode 100644 _includes/googleanalytics.html
 rewrite _includes/head.html (99%)
 delete mode 100644 _includes/header.html
 create mode 100644 _includes/scripts.html
 create mode 100644 _includes/sidebar.html
 create mode 100644 _includes/social.html
 create mode 100644 _layouts/compress.html
 rewrite _layouts/default.html (82%)
 delete mode 100644 _layouts/page.html
 rewrite _layouts/post.html (97%)
 delete mode 100644 _posts/2016-05-20-my-example-post.md
 delete mode 100644 _posts/2016-05-20-super-long-article.md
 delete mode 100644 _posts/2016-05-20-this-post-demonstrates-post-content-styles.md
 delete mode 100644 _posts/2016-05-20-welcome-to-jekyll.md
 create mode 100644 _posts/book/2013-12-20-book-list-of-2013.md
 create mode 100644 _posts/book/2014-03-14-book-list-of-2014.md
 create mode 100644 _posts/life/2013-06-17-the-end-of-regular-college-course.md
 create mode 100644 _posts/resource/2013-04-23-general-bootstrap-resources.md
 create mode 100644 _posts/resource/2014-01-15-general-git-resources.md
 create mode 100644 _posts/tech/2012-09-19-php-session-security.md
 create mode 100644 _posts/tech/2012-09-27-open-widown-in-javascript.md
 create mode 100644 _posts/tool/2012-12-30-share-windows-and-linux.md
 create mode 100644 _posts/tool/2013-01-09-remote-access-of-mysql.md
 create mode 100644 _sass/1-animation.sass
 create mode 100644 _sass/2-icon.scss
 create mode 100644 _sass/3-base.sass
 create mode 100644 _sass/4-sidebar.sass
 create mode 100644 _sass/5-post.sass
 create mode 100644 _sass/6-menu.sass
 create mode 100644 _sass/7-nprogress.sass
 create mode 100644 _sass/8-code.scss
 create mode 100644 _sass/9-page.sass
 create mode 100644 _sass/a-smallscreen.sass
 create mode 100644 _sass/b-mobile.sass
 delete mode 100644 airspace-jekyll.gemspec
 create mode 100644 assets/icon/icomoon.eot
 create mode 100644 assets/icon/icomoon.svg
 create mode 100644 assets/icon/icomoon.ttf
 create mode 100644 assets/icon/icomoon.woff
 create mode 100644 assets/icon/selection.json
 create mode 100644 assets/img/avatar.jpg
 create mode 100644 assets/img/qrcode.jpg
 create mode 100644 assets/js/jquery-2.1.3.min.js
 create mode 100644 assets/js/jquery.pjax.js
 create mode 100644 assets/js/main.js
 create mode 100644 assets/js/nprogress.js
 create mode 100644 assets/js/prefixfree.js
 delete mode 100644 blog.html
 delete mode 100644 contact.html
 delete mode 100644 css/airspace.css
 delete mode 100644 css/animate.css
 delete mode 100644 css/bootstrap.min.css
 delete mode 100644 css/font-awesome.min.css
 delete mode 100644 css/ionicons.min.css
 create mode 100644 css/main.sass
 delete mode 100644 css/owl.carousel.css
 delete mode 100644 css/responsive.css
 delete mode 100644 css/style.css
 delete mode 100644 css/syntax.css
 delete mode 100644 favicon.ico
 delete mode 100644 fonts/FontAwesome.otf
 delete mode 100644 fonts/fontawesome-webfont.eot
 delete mode 100644 fonts/fontawesome-webfont.svg
 delete mode 100644 fonts/fontawesome-webfont.ttf
 delete mode 100644 fonts/fontawesome-webfont.woff
 delete mode 100644 fonts/ionicons.eot
 delete mode 100644 fonts/ionicons.svg
 delete mode 100644 fonts/ionicons.ttf
 delete mode 100644 fonts/ionicons.woff
 create mode 100644 ie.html
 delete mode 100644 img/call-to-action-bg.jpg
 delete mode 100644 img/clients/clients-logo-9.png
 delete mode 100644 img/clients/clients-logo1.png
 delete mode 100644 img/clients/clients-logo10.png
 delete mode 100644 img/clients/clients-logo2.png
 delete mode 100644 img/clients/clients-logo3.png
 delete mode 100644 img/clients/clients-logo4.png
 delete mode 100644 img/clients/clients-logo5.png
 delete mode 100644 img/clients/clients-logo6.png
 delete mode 100644 img/clients/clients-logo7.png
 delete mode 100644 img/clients/clients-logo8.png
 delete mode 100644 img/cotation.png
 delete mode 100644 img/featue-bg.jpg
 delete mode 100644 img/item-img1.jpg
 delete mode 100644 img/logo.png
 delete mode 100644 img/portfolio/work1.jpg
 delete mode 100644 img/portfolio/work2.jpg
 delete mode 100644 img/portfolio/work3.jpg
 delete mode 100644 img/portfolio/work4.jpg
 delete mode 100644 img/portfolio/work5.jpg
 delete mode 100644 img/portfolio/work6.jpg
 delete mode 100644 img/slider-bg.jpg
 delete mode 100644 img/wrapper-img.png
 delete mode 100644 index.html
 create mode 100644 index.md
 delete mode 100644 js/bootstrap.min.js
 delete mode 100644 js/jquery.counterup.js
 delete mode 100644 js/main.js
 delete mode 100644 js/min/main.min.js
 delete mode 100644 js/min/plugins.min.js
 delete mode 100644 js/min/waypoints.min.js
 delete mode 100644 js/owl.carousel.min.js
 delete mode 100644 js/plugins.js
 delete mode 100644 js/vendor/jquery-1.10.2.min.js
 delete mode 100644 js/vendor/modernizr-2.6.2.min.js
 create mode 100644 pages/feed.xml
 delete mode 100644 screenshots/blog.png
 delete mode 100644 screenshots/home.png
 delete mode 100644 screenshots/homecropped.png
 delete mode 100644 screenshots/homecroppedscaled.png
 delete mode 100644 work.html

Administrator@2012-20160118VI MINGW32 /d/cugmax.github.io (master)
$ git push -u origin master
Username for 'https://github.com': cugmax
Counting objects: 67, done.
Delta compression using up to 4 threads.
Compressing objects: 100% (64/64), done.
Writing objects: 100% (67/67), 100.49 KiB | 0 bytes/s, done.
Total 67 (delta 1), reused 0 (delta 0)
remote: Resolving deltas: 100% (1/1), done.
To https://github.com/cugmax/cugmax.github.io.git
   76fa8ad..764918b  master -> master
Branch master set up to track remote branch master from origin.

Administrator@2012-20160118VI MINGW32 /d/cugmax.github.io (master)
$ jekyll build
Configuration file: D:/cugmax.github.io/_config.yml
            Source: D:/cugmax.github.io
       Destination: D:/cugmax.github.io/_site
 Incremental build: disabled. Enable with --incremental
      Generating...
                    done in 1.548 seconds.
 Auto-regeneration: disabled. Use --watch to enable.

Administrator@2012-20160118VI MINGW32 /d/cugmax.github.io (master)
$ git add -A
warning: LF will be replaced by CRLF in _config.yml.
The file will have its original line endings in your working directory.
warning: LF will be replaced by CRLF in _config.yml.bak.
The file will have its original line endings in your working directory.

Administrator@2012-20160118VI MINGW32 /d/cugmax.github.io (master)
$ git commit -am "the third commit"
[master f225631] the third commit
 2 files changed, 62 insertions(+), 12 deletions(-)
 create mode 100644 _config.yml.bak

Administrator@2012-20160118VI MINGW32 /d/cugmax.github.io (master)
$ git push -u origin master
Username for 'https://github.com': cugmax
Counting objects: 3, done.
Delta compression using up to 4 threads.
Compressing objects: 100% (3/3), done.
Writing objects: 100% (3/3), 439 bytes | 0 bytes/s, done.
Total 3 (delta 2), reused 0 (delta 0)
remote: Resolving deltas: 100% (2/2), completed with 2 local objects.
To https://github.com/cugmax/cugmax.github.io.git
   764918b..f225631  master -> master
Branch master set up to track remote branch master from origin.

Administrator@2012-20160118VI MINGW32 /d/cugmax.github.io (master)
$ jekyll build
Configuration file: D:/cugmax.github.io/_config.yml
            Source: D:/cugmax.github.io
       Destination: D:/cugmax.github.io/_site
 Incremental build: disabled. Enable with --incremental
      Generating...
                    done in 1.59 seconds.
 Auto-regeneration: disabled. Use --watch to enable.

Administrator@2012-20160118VI MINGW32 /d/cugmax.github.io (master)
$ git add -A
warning: LF will be replaced by CRLF in _config.yml.
The file will have its original line endings in your working directory.
warning: LF will be replaced by CRLF in _config.yml.bak.
The file will have its original line endings in your working directory.
warning: LF will be replaced by CRLF in index.md.
The file will have its original line endings in your working directory.
warning: LF will be replaced by CRLF in index.md.bak.
The file will have its original line endings in your working directory.

Administrator@2012-20160118VI MINGW32 /d/cugmax.github.io (master)
$ git commit -am "the forth commit"
[master eef59e2] the forth commit
 4 files changed, 33 insertions(+), 30 deletions(-)
 rewrite index.md (94%)
 copy index.md => index.md.bak (100%)

Administrator@2012-20160118VI MINGW32 /d/cugmax.github.io (master)
$ git push -u origin master
Username for 'https://github.com': cugmax
Counting objects: 4, done.
Delta compression using up to 4 threads.
Compressing objects: 100% (4/4), done.
Writing objects: 100% (4/4), 647 bytes | 0 bytes/s, done.
Total 4 (delta 3), reused 0 (delta 0)
remote: Resolving deltas: 100% (3/3), completed with 3 local objects.
To https://github.com/cugmax/cugmax.github.io.git
   f225631..eef59e2  master -> master
Branch master set up to track remote branch master from origin.

Administrator@2012-20160118VI MINGW32 /d/cugmax.github.io (master)
$



jekyll build
git add -A
git commit -am "the forth commit"
git push -u origin master
