
地址：http://kiciollo.github.io

附注：此模板来源于Yan Su

安装说明

fork库到自己的github
修改名字为：username.github.io
clone库到本地，参考_posts中的目录结构自己创建适合自己的文章目录结构
修改CNAME，或者删掉这个文件，使用默认域名
修改_config.yml配置项
It's done!
20150430 加入 swiftype 支持站内搜索

在此只介绍博客内部的修改，不介绍 swiftpye 网站那边的东西了。那边安装自定义的搜索引擎后，会生成一段安装脚本代码，复制之。

然后黏贴到 _includes 目录下的 header.html 和 footer.html 中。

最后，修改 配置文件 _config.yml，在其最后加入下列说明即可。

swift_search:
  enable: true
20150430 加入 disqus 评论插件

首先，申请账户： 然后，https://disqus.com/websites/?utm_source=starofphoenix&utm_medium=Disqus-Footer 该网址去申请 在自己的网站上使用 disqus 然后，设置（可略去），然后选择 universal code 格式进行安装，copy代码到自己的平台中 首先是 \ _includes \ disqus.html，并且在 \ _layouts \ post.html中需要用 {% include disqus.html %} 将 disqus.html 包含进来。

    <div id="disqus_thread"></div>
    <script type="text/javascript">
        /* * * CONFIGURATION VARIABLES * * */
        var disqus_shortname = 'kiciollo';

        /* * * DON'T EDIT BELOW THIS LINE * * */
        (function() {
            var dsq = document.createElement('script'); dsq.type = 'text/javascript'; dsq.async = true;
            dsq.src = '//' + disqus_shortname + '.disqus.com/embed.js';
            (document.getElementsByTagName('head')[0] || document.getElementsByTagName('body')[0]).appendChild(dsq);
        })();
    </script>
    <noscript>Please enable JavaScript to view the <a href="https://disqus.com/?ref_noscript" rel="nofollow">comments powered by Disqus.</a></noscript>
然后为了显示评论数，将下列代码加入到 footer 中

    <script type="text/javascript">
        /* * * CONFIGURATION VARIABLES * * */
        var disqus_shortname = 'kiciollo';

        /* * * DON'T EDIT BELOW THIS LINE * * */
        (function () {
            var s = document.createElement('script'); s.async = true;
            s.type = 'text/javascript';
            s.src = '//' + disqus_shortname + '.disqus.com/count.js';
            (document.getElementsByTagName('HEAD')[0] || document.getElementsByTagName('BODY')[0]).appendChild(s);
        }());
    </script>


Microsoft Windows [版本 6.1.7601]
版权所有 (c) 2009 Microsoft Corporation。保留所有权利。

C:\Users\Administrator>cd /dD:\

D:\>cd D:\My Documents\GitHub\testhelloword

D:\My Documents\GitHub\testhelloword>git init
Reinitialized existing Git repository in D:/My Documents/GitHub/testhelloword/.g
it/

D:\My Documents\GitHub\testhelloword>git add .

D:\My Documents\GitHub\testhelloword>git commit -m "第一次提交说明"
On branch master
nothing to commit, working tree clean

D:\My Documents\GitHub\testhelloword>git config --global user.name "cugmax"

D:\My Documents\GitHub\testhelloword>git config --global user.email "maxcug@163.
com"

D:\My Documents\GitHub\testhelloword>git remote add origin https://github.com/cu
gmax/cugmax.github.io.git

D:\My Documents\GitHub\testhelloword>git push -u origin master
Username for 'https://github.com': cugmax
Password for 'https://cugmax@github.com':
To https://github.com/cugmax/cugmax.github.io.git
 ! [rejected]        master -> master (fetch first)
error: failed to push some refs to 'https://github.com/cugmax/cugmax.github.io.g
it'
hint: Updates were rejected because the remote contains work that you do
hint: not have locally. This is usually caused by another repository pushing
hint: to the same ref. You may want to first integrate the remote changes
hint: (e.g., 'git pull ...') before pushing again.
hint: See the 'Note about fast-forwards' in 'git push --help' for details.

D:\My Documents\GitHub\testhelloword>dir
 驱动器 D 中的卷是 资料
 卷的序列号是 0000-4823

 D:\My Documents\GitHub\testhelloword 的目录

2016/10/22  20:08    <DIR>          .
2016/10/22  20:08    <DIR>          ..
2016/10/22  20:08                 0 myblog.md
               1 个文件              0 字节
               2 个目录 23,297,613,824 可用字节

D:\My Documents\GitHub\testhelloword>cd ..

D:\My Documents\GitHub>dir
 驱动器 D 中的卷是 资料
 卷的序列号是 0000-4823

 D:\My Documents\GitHub 的目录

2016/10/22  20:08    <DIR>          .
2016/10/22  20:08    <DIR>          ..
2016/10/22  20:08    <DIR>          testhelloword
               0 个文件              0 字节
               3 个目录 23,297,613,824 可用字节

D:\My Documents\GitHub>mkdir test

D:\My Documents\GitHub>cd test

D:\My Documents\GitHub\test>git clone https://github.com/cugmax/cugmax.github.io
.git
Cloning into 'cugmax.github.io'...
remote: Counting objects: 19, done.
remote: Compressing objects: 100% (17/17), done.
remote: Total 19 (delta 4), reused 0 (delta 0), pack-reused 0
Unpacking objects: 100% (19/19), done.

D:\My Documents\GitHub\test>ls
'ls' 不是内部或外部命令，也不是可运行的程序
或批处理文件。

D:\My Documents\GitHub\test>dir
 驱动器 D 中的卷是 资料
 卷的序列号是 0000-4823

 D:\My Documents\GitHub\test 的目录

2016/10/22  21:14    <DIR>          .
2016/10/22  21:14    <DIR>          ..
2016/10/22  21:14    <DIR>          cugmax.github.io
               0 个文件              0 字节
               3 个目录 23,297,515,520 可用字节

D:\My Documents\GitHub\test>cd cugmax.github.io

D:\My Documents\GitHub\test\cugmax.github.io>git status
On branch master
Your branch is up-to-date with 'origin/master'.
Untracked files:
  (use "git add <file>..." to include in what will be committed)

        test.txt

nothing added to commit but untracked files present (use "git add" to track)

D:\My Documents\GitHub\test\cugmax.github.io>git add .

D:\My Documents\GitHub\test\cugmax.github.io>git status
On branch master
Your branch is up-to-date with 'origin/master'.
Changes to be committed:
  (use "git reset HEAD <file>..." to unstage)

        new file:   test.txt


D:\My Documents\GitHub\test\cugmax.github.io>git commit -m "000"
[master c1dcd40] 000
 1 file changed, 1 insertion(+)
 create mode 100644 test.txt

D:\My Documents\GitHub\test\cugmax.github.io>git push -u origin master
Username for 'https://github.com': cugmax
Password for 'https://cugmax@github.com':
Counting objects: 3, done.
Delta compression using up to 4 threads.
Compressing objects: 100% (2/2), done.
Writing objects: 100% (3/3), 259 bytes | 0 bytes/s, done.
Total 3 (delta 1), reused 0 (delta 0)
remote: Resolving deltas: 100% (1/1), completed with 1 local objects.
To https://github.com/cugmax/cugmax.github.io.git
   8dbc8e3..c1dcd40  master -> master
Branch master set up to track remote branch master from origin.

D:\My Documents\GitHub\test\cugmax.github.io>cd ..

D:\My Documents\GitHub\test>git clone https://github.com/KICIOLLO/kiciollo.githu
b.io.false.git
Cloning into 'kiciollo.github.io.false'...
remote: Counting objects: 61, done.
remote: Total 61 (delta 0), reused 0 (delta 0), pack-reused 61
Unpacking objects: 100% (61/61), done.

D:\My Documents\GitHub\test>mkdir jekyll_demo

D:\My Documents\GitHub\test>cd jekyll_demo

D:\My Documents\GitHub\test\jekyll_demo>git init
Initialized empty Git repository in D:/My Documents/GitHub/test/jekyll_demo/.git
/

D:\My Documents\GitHub\test\jekyll_demo>git checkout --orphan gh-pages
Switched to a new branch 'gh-pages'

D:\My Documents\GitHub\test\jekyll_demo>gem install jekyll
'gem' 不是内部或外部命令，也不是可运行的程序
或批处理文件。

D:\My Documents\GitHub\test\jekyll_demo>